
> atoms-demo@0.1.0 build
> next build

⚠ No build cache found. Please configure build caching for faster rebuilds. Read more: https://nextjs.org/docs/messages/no-cache
Attention: Next.js now collects completely anonymous telemetry regarding usage.
This information is used to shape Next.js' roadmap and prioritize features.
You can learn more, including how to opt-out if you'd not like to participate in this anonymous program, by visiting the following URL:
https://nextjs.org/telemetry

▲ Next.js 16.2.10 (Turbopack)

  Creating an optimized production build ...
✓ Compiled successfully in 3.8s
  Running TypeScript ...
  Finished TypeScript in 3.7s ...
  Collecting page data using 3 workers ...
Error: duplicate column name: platform
    at o (.next/server/chunks/[root-of-the-server]__0rm8cmw._.js:1:1472)
    at module evaluation (.next/server/chunks/[root-of-the-server]__0rm8cmw._.js:138:75)
    at instantiateModule (.next/server/chunks/[turbopack]_runtime.js:853:9)
    at getOrInstantiateModuleFromParent (.next/server/chunks/[turbopack]_runtime.js:877:12)
    at Context.esmImport [as i] (.next/server/chunks/[turbopack]_runtime.js:281:20)
    at module evaluation (.next/server/chunks/[root-of-the-server]__0rm8cmw._.js:194:3256)
    at instantiateModule (.next/server/chunks/[turbopack]_runtime.js:853:9)
    at instantiateRuntimeModule (.next/server/chunks/[turbopack]_runtime.js:882:12)
    at getOrInstantiateRuntimeModule (.next/server/chunks/[turbopack]_runtime.js:895:12)
    at Object.m (.next/server/chunks/[turbopack]_runtime.js:898:18) {
  code: 'ERR_SQLITE_ERROR',
  errcode: 1,
  errstr: 'SQL logic error'
}
Error: duplicate column name: team
    at n (.next/server/chunks/[root-of-the-server]__0ss49z7._.js:1:1472)
    at module evaluation (.next/server/chunks/[root-of-the-server]__0ss49z7._.js:138:293)
    at instantiateModule (.next/server/chunks/[turbopack]_runtime.js:853:9)
    at getOrInstantiateModuleFromParent (.next/server/chunks/[turbopack]_runtime.js:877:12)
    at Context.esmImport [as i] (.next/server/chunks/[turbopack]_runtime.js:281:20)
    at module evaluation (.next/server/chunks/[root-of-the-server]__0ss49z7._.js:194:1199)
    at instantiateModule (.next/server/chunks/[turbopack]_runtime.js:853:9)
    at instantiateRuntimeModule (.next/server/chunks/[turbopack]_runtime.js:882:12)
    at getOrInstantiateRuntimeModule (.next/server/chunks/[turbopack]_runtime.js:895:12)
    at Object.m (.next/server/chunks/[turbopack]_runtime.js:898:18) {
  code: 'ERR_SQLITE_ERROR',
  errcode: 1,
  errstr: 'SQL logic error'
}

> Build error occurred
Error: Failed to collect page data for /api/auth/register
    at ignore-listed frames {
  type: 'Error'
}
